WRN 2026-07-28T00:40:12.410 ?.6        server_start:197: Failed to start server: operation not permitted: /run/user/1000/nvim.6.0
WRN 2026-07-28T00:40:12.457 ?.7        server_start:197: Failed to start server: operation not permitted: /tmp/nvim.n451/SH0mJ7/0
WRN 2026-07-28T00:40:17.596 ?.8        server_start:197: Failed to start server: operation not permitted: /tmp/nvim.n451/SH0mJ7/1
WRN 2026-07-28T00:40:23.698 ?.320      server_start:197: Failed to start server: operation not permitted: /tmp/nvim.n451/SH0mJ7/12
WRN 2026-07-28T00:40:28.835 ?.321      server_start:197: Failed to start server: operation not permitted: /tmp/nvim.n451/SH0mJ7/13
WRN 2026-07-28T00:40:33.977 ?.322      server_start:197: Failed to start server: operation not permitted: /tmp/nvim.n451/SH0mJ7/14
WRN 2026-07-28T00:40:39.122 ?.323      server_start:197: Failed to start server: operation not permitted: /tmp/nvim.n451/SH0mJ7/15
WRN 2026-07-28T00:40:44.261 ?.324      server_start:197: Failed to start server: operation not permitted: /tmp/nvim.n451/SH0mJ7/16
WRN 2026-07-28T00:40:49.396 ?.325      server_start:197: Failed to start server: operation not permitted: /tmp/nvim.n451/SH0mJ7/17
WRN 2026-07-28T00:40:54.539 ?.326      server_start:197: Failed to start server: operation not permitted: /tmp/nvim.n451/SH0mJ7/18
WRN 2026-07-28T00:40:59.675 ?.327      server_start:197: Failed to start server: operation not permitted: /tmp/nvim.n451/SH0mJ7/19
WRN 2026-07-28T00:41:04.805 ?.328      server_start:197: Failed to start server: operation not permitted: /tmp/nvim.n451/SH0mJ7/20
WRN 2026-07-28T00:41:09.922 ?.329      server_start:197: Failed to start server: operation not permitted: /tmp/nvim.n451/SH0mJ7/21
WRN 2026-07-28T00:41:15.045 ?.330      server_start:197: Failed to start server: operation not permitted: /tmp/nvim.n451/SH0mJ7/22
WRN 2026-07-28T00:41:20.165 ?.331      server_start:197: Failed to start server: operation not permitted: /tmp/nvim.n451/SH0mJ7/23
WRN 2026-07-28T00:41:25.298 ?.332      server_start:197: Failed to start server: operation not permitted: /tmp/nvim.n451/SH0mJ7/24
WRN 2026-07-28T00:41:30.415 ?.333      server_start:197: Failed to start server: operation not permitted: /tmp/nvim.n451/SH0mJ7/25
WRN 2026-07-28T00:41:35.534 ?.334      server_start:197: Failed to start server: operation not permitted: /tmp/nvim.n451/SH0mJ7/26
WRN 2026-07-28T00:41:40.656 ?.335      server_start:197: Failed to start server: operation not permitted: /tmp/nvim.n451/SH0mJ7/27
WRN 2026-07-28T00:41:45.785 ?.336      server_start:197: Failed to start server: operation not permitted: /tmp/nvim.n451/SH0mJ7/28
WRN 2026-07-28T00:41:50.926 ?.337      server_start:197: Failed to start server: operation not permitted: /tmp/nvim.n451/SH0mJ7/29
WRN 2026-07-28T00:41:56.055 ?.338      server_start:197: Failed to start server: operation not permitted: /tmp/nvim.n451/SH0mJ7/30
WRN 2026-07-28T00:42:01.186 ?.339      server_start:197: Failed to start server: operation not permitted: /tmp/nvim.n451/SH0mJ7/31
WRN 2026-07-28T00:42:06.315 ?.340      server_start:197: Failed to start server: operation not permitted: /tmp/nvim.n451/SH0mJ7/32
WRN 2026-07-28T00:42:11.443 ?.341      server_start:197: Failed to start server: operation not permitted: /tmp/nvim.n451/SH0mJ7/33
WRN 2026-07-28T00:42:16.568 ?.342      server_start:197: Failed to start server: operation not permitted: /tmp/nvim.n451/SH0mJ7/34
WRN 2026-07-28T00:42:21.685 ?.343      server_start:197: Failed to start server: operation not permitted: /tmp/nvim.n451/SH0mJ7/35
WRN 2026-07-28T00:42:26.804 ?.344      server_start:197: Failed to start server: operation not permitted: /tmp/nvim.n451/SH0mJ7/36
WRN 2026-07-28T00:42:31.920 ?.345      server_start:197: Failed to start server: operation not permitted: /tmp/nvim.n451/SH0mJ7/37
WRN 2026-07-28T00:43:15.931 ?.2        server_start:197: Failed to start server: operation not permitted: /run/user/1000/nvim.2.0
WRN 2026-07-28T02:34:46.977 ?.2        server_start:197: Failed to start server: operation not permitted: /run/user/1000/nvim.2.0
WRN 2026-07-28T02:34:47.021 ?.12       server_start:197: Failed to start server: operation not permitted: /tmp/nvim.n451/bkq5kc/0
WRN 2026-07-28T02:34:52.153 ?.13       server_start:197: Failed to start server: operation not permitted: /tmp/nvim.n451/bkq5kc/1
WRN 2026-07-28T02:34:57.284 ?.14       server_start:197: Failed to start server: operation not permitted: /tmp/nvim.n451/bkq5kc/2
WRN 2026-07-28T02:35:15.483 ?.14       server_start:197: Failed to start server: operation not permitted: /run/user/1000/nvim.14.0
WRN 2026-07-28T02:35:16.274 ?.36       server_start:197: Failed to start server: operation not permitted: /run/user/1000/nvim.36.0
WRN 2026-07-28T02:35:16.323 ?.37       server_start:197: Failed to start server: operation not permitted: /tmp/nvim.n451/BWqv3O/0
WRN 2026-07-28T02:35:21.453 ?.38       server_start:197: Failed to start server: operation not permitted: /tmp/nvim.n451/BWqv3O/1
WRN 2026-07-28T02:35:27.670 ?.350      server_start:197: Failed to start server: operation not permitted: /tmp/nvim.n451/BWqv3O/12
WRN 2026-07-28T02:35:32.803 ?.351      server_start:197: Failed to start server: operation not permitted: /tmp/nvim.n451/BWqv3O/13
WRN 2026-07-28T02:35:37.928 ?.352      server_start:197: Failed to start server: operation not permitted: /tmp/nvim.n451/BWqv3O/14
WRN 2026-07-28T02:35:43.056 ?.353      server_start:197: Failed to start server: operation not permitted: /tmp/nvim.n451/BWqv3O/15
WRN 2026-07-28T02:35:48.191 ?.354      server_start:197: Failed to start server: operation not permitted: /tmp/nvim.n451/BWqv3O/16
WRN 2026-07-28T02:35:53.316 ?.355      server_start:197: Failed to start server: operation not permitted: /tmp/nvim.n451/BWqv3O/17
WRN 2026-07-28T02:35:58.445 ?.356      server_start:197: Failed to start server: operation not permitted: /tmp/nvim.n451/BWqv3O/18
WRN 2026-07-28T02:36:03.583 ?.357      server_start:197: Failed to start server: operation not permitted: /tmp/nvim.n451/BWqv3O/19
WRN 2026-07-28T02:36:08.698 ?.358      server_start:197: Failed to start server: operation not permitted: /tmp/nvim.n451/BWqv3O/20
WRN 2026-07-28T02:36:13.824 ?.359      server_start:197: Failed to start server: operation not permitted: /tmp/nvim.n451/BWqv3O/21
WRN 2026-07-28T02:36:18.949 ?.360      server_start:197: Failed to start server: operation not permitted: /tmp/nvim.n451/BWqv3O/22
WRN 2026-07-28T02:36:24.072 ?.361      server_start:197: Failed to start server: operation not permitted: /tmp/nvim.n451/BWqv3O/23
WRN 2026-07-28T02:36:29.198 ?.362      server_start:197: Failed to start server: operation not permitted: /tmp/nvim.n451/BWqv3O/24
WRN 2026-07-28T02:36:34.328 ?.363      server_start:197: Failed to start server: operation not permitted: /tmp/nvim.n451/BWqv3O/25
WRN 2026-07-28T02:36:39.455 ?.364      server_start:197: Failed to start server: operation not permitted: /tmp/nvim.n451/BWqv3O/26
WRN 2026-07-28T02:36:44.571 ?.365      server_start:197: Failed to start server: operation not permitted: /tmp/nvim.n451/BWqv3O/27
WRN 2026-07-28T02:36:49.681 ?.366      server_start:197: Failed to start server: operation not permitted: /tmp/nvim.n451/BWqv3O/28
WRN 2026-07-28T02:36:54.792 ?.367      server_start:197: Failed to start server: operation not permitted: /tmp/nvim.n451/BWqv3O/29
WRN 2026-07-28T02:36:59.907 ?.368      server_start:197: Failed to start server: operation not permitted: /tmp/nvim.n451/BWqv3O/30
WRN 2026-07-28T02:37:05.020 ?.369      server_start:197: Failed to start server: operation not permitted: /tmp/nvim.n451/BWqv3O/31
WRN 2026-07-28T02:37:10.137 ?.370      server_start:197: Failed to start server: operation not permitted: /tmp/nvim.n451/BWqv3O/32
WRN 2026-07-28T02:37:15.263 ?.371      server_start:197: Failed to start server: operation not permitted: /tmp/nvim.n451/BWqv3O/33
WRN 2026-07-28T02:37:20.392 ?.372      server_start:197: Failed to start server: operation not permitted: /tmp/nvim.n451/BWqv3O/34
WRN 2026-07-28T02:37:25.517 ?.373      server_start:197: Failed to start server: operation not permitted: /tmp/nvim.n451/BWqv3O/35
WRN 2026-07-28T02:37:30.645 ?.374      server_start:197: Failed to start server: operation not permitted: /tmp/nvim.n451/BWqv3O/36
WRN 2026-07-28T02:37:35.773 ?.375      server_start:197: Failed to start server: operation not permitted: /tmp/nvim.n451/BWqv3O/37
WRN 2026-07-28T02:37:40.898 ?.376      server_start:197: Failed to start server: operation not permitted: /tmp/nvim.n451/BWqv3O/38
WRN 2026-07-28T02:37:46.026 ?.377      server_start:197: Failed to start server: operation not permitted: /tmp/nvim.n451/BWqv3O/39
WRN 2026-07-28T02:37:51.157 ?.378      server_start:197: Failed to start server: operation not permitted: /tmp/nvim.n451/BWqv3O/40
WRN 2026-07-28T02:37:56.286 ?.379      server_start:197: Failed to start server: operation not permitted: /tmp/nvim.n451/BWqv3O/41
WRN 2026-07-28T02:38:01.414 ?.380      server_start:197: Failed to start server: operation not permitted: /tmp/nvim.n451/BWqv3O/42
WRN 2026-07-28T02:38:06.542 ?.381      server_start:197: Failed to start server: operation not permitted: /tmp/nvim.n451/BWqv3O/43
WRN 2026-07-28T02:38:11.669 ?.382      server_start:197: Failed to start server: operation not permitted: /tmp/nvim.n451/BWqv3O/44
WRN 2026-07-28T02:38:16.801 ?.383      server_start:197: Failed to start server: operation not permitted: /tmp/nvim.n451/BWqv3O/45
WRN 2026-07-28T02:38:21.934 ?.384      server_start:197: Failed to start server: operation not permitted: /tmp/nvim.n451/BWqv3O/46
WRN 2026-07-28T02:39:20.846 ?.2        server_start:197: Failed to start server: operation not permitted: /run/user/1000/nvim.2.0
